AST.CompilationUnit []
  AST.List
  AST.List
    AST.ClassDecl [Test]
      AST.Modifiers
        AST.List
          AST.Modifier [public]
      AST.Opt
      AST.List
      AST.List
        AST.MethodDecl [main]
          AST.Modifiers
            AST.List
              AST.Modifier [public]
              AST.Modifier [static]
          AST.PrimitiveTypeAccess [void]
          AST.List
            AST.ParameterDeclaration [args]
              AST.Modifiers
                AST.List
              AST.ArrayTypeAccess
                AST.TypeAccess [, String]
          AST.List
          AST.Opt
            AST.Block
              AST.List
                AST.SwitchStmt
                  AST.VarAccess [a]
                  AST.Block
                    AST.List
                      AST.ConstCase
                        AST.LambdaExpression
                          AST.InferredLambdaParameter
                            AST.VarAccess [b]
                            AST.List
                          AST.ExpressionLambdaBody
                            AST.ConditionalExpr
                              AST.VarAccess [b]
                              AST.ParExpr
                                AST.LambdaExpression
                                  AST.InferredLambdaParameter
                                    AST.VarAccess [i]
                                    AST.List
                                      AST.VarAccess [j]
                                  AST.ExpressionLambdaBody
                                    AST.AddExpr
                                      AST.VarAccess [i]
                                      AST.VarAccess [j]
                              AST.ParExpr
                                AST.LambdaExpression
                                  AST.InferredLambdaParameter
                                    AST.VarAccess [x]
                                    AST.List
                                  AST.ExpressionLambdaBody
                                    AST.AddExpr
                                      AST.VarAccess [x]
                                      AST.IntegerLiteral [5]
                      AST.BreakStmt
        AST.ConstructorDecl
          AST.Modifiers
            AST.List
              AST.Modifier [public]
          AST.List
          AST.List
          AST.Opt
            AST.ExprStmt
              AST.SuperConstructorAccess
                AST.List
          AST.Block
            AST.List