AST.CompilationUnit []
  AST.List
  AST.List
    AST.ClassDecl [Test]
      AST.Modifiers
        AST.List
          AST.Modifier [public]
      AST.Opt
      AST.List
      AST.List
        AST.MethodDecl [main]
          AST.Modifiers
            AST.List
              AST.Modifier [public]
              AST.Modifier [static]
          AST.PrimitiveTypeAccess [void]
          AST.List
            AST.ParameterDeclaration [args]
              AST.Modifiers
                AST.List
              AST.ArrayTypeAccess
                AST.TypeAccess [, String]
          AST.List
          AST.Opt
            AST.Block
              AST.List
                AST.VariableDeclaration [f]
                  AST.Modifiers
                    AST.List
                  AST.TypeAccess [, Object]
                  AST.Opt
                    AST.MethodAccess [methodCall]
                      AST.List
                        AST.LambdaExpression
                          AST.DeclaredLambdaParameter
                            AST.ParameterDeclaration [a]
                              AST.Modifiers
                                AST.List
                              AST.ParTypeAccess
                                AST.TypeAccess [, ArrayList]
                                AST.List
                                  AST.TypeAccess [, Integer]
                                  AST.TypeAccess [, Double]
                            AST.List
                              AST.ParameterDeclaration [r]
                                AST.Modifiers
                                  AST.List
                                AST.ParTypeAccess
                                  AST.TypeAccess [, Runnable]
                                  AST.List
                                    AST.ParTypeAccess
                                      AST.TypeAccess [, ArrayList]
                                      AST.List
                                        AST.TypeAccess [, String]
                                    AST.TypeAccess [, Integer]
                          AST.ExpressionLambdaBody
                            AST.AddExpr
                              AST.Dot
                                AST.PackageAccess [a]
                                AST.MethodAccess [add]
                                  AST.List
                                    AST.VarAccess [r]
                              AST.LambdaExpression
                                AST.InferredLambdaParameter
                                  AST.VarAccess [y]
                                  AST.List
                                AST.ExpressionLambdaBody
                                  AST.VarAccess [y]
                        AST.VarAccess [z]
        AST.ConstructorDecl
          AST.Modifiers
            AST.List
              AST.Modifier [public]
          AST.List
          AST.List
          AST.Opt
            AST.ExprStmt
              AST.SuperConstructorAccess
                AST.List
          AST.Block
            AST.List